// Jest Snapshot v1, https://goo.gl/fbAQLP

exports[`heading should match snapshot 1`] = `
.c0 {
  color: #0a1128;
  font-size: 4.0rem;
  text-transform: none;
}

<h1
  class="c0"
>
   Texto 
</h1>
`;
